// Jest Snapshot v1, https://goo.gl/fbAQLP

exports[`renders a Header using Snapshots 1`] = `
<View
  forceInset={
    Object {
      "bottom": "never",
      "top": "always",
    }
  }
  style={
    Array [
      Object {
        "backgroundColor": "#F7F7F7",
        "borderBottomColor": "rgba(0, 0, 0, .3)",
        "borderBottomWidth": 0.5,
      },
      Object {
        "height": 64,
      },
    ]
  }
>
  <View
    style={
      Array [
        Object {
          "bottom": 0,
          "left": 0,
          "position": "absolute",
          "right": 0,
          "top": 0,
        },
        Object {
          "alignItems": "center",
          "flex": 1,
          "flexDirection": "row",
          "justifyContent": "space-between",
          "marginTop": 20,
        },
      ]
    }
  >
    <View
      accessibilityComponentType={undefined}
      accessibilityLabel={undefined}
      accessibilityTraits={undefined}
      accessible={true}
      collapsable={undefined}
      hasTVPreferredFocus={undefined}
      hitSlop={undefined}
      isTVSelectable={true}
      nativeID={undefined}
      onLayout={undefined}
      onResponderGrant={[Function]}
      onResponderMove={[Function]}
      onResponderRelease={[Function]}
      onResponderTerminate={[Function]}
      onResponderTerminationRequest={[Function]}
      onStartShouldSetResponder={[Function]}
      style={
        Object {
          "opacity": 1,
          "paddingLeft": 12,
          "width": 70,
        }
      }
      testID={undefined}
      tvParallaxProperties={undefined}
    >
      <Text
        accessible={true}
        allowFontScaling={true}
        ellipsizeMode="tail"
        style={
          Array [
            Object {
              "color": "#037aff",
              "fontSize": 16,
              "fontWeight": "normal",
            },
            undefined,
          ]
        }
      >
        Test left title
      </Text>
    </View>
    <View>
      <Text
        accessible={true}
        allowFontScaling={true}
        ellipsizeMode="tail"
        style={
          Array [
            Object {
              "color": "#222",
              "fontSize": 20,
              "fontWeight": "bold",
            },
            undefined,
          ]
        }
      >
        Test title
      </Text>
    </View>
    <View
      accessibilityComponentType={undefined}
      accessibilityLabel={undefined}
      accessibilityTraits={undefined}
      accessible={true}
      collapsable={undefined}
      hasTVPreferredFocus={undefined}
      hitSlop={undefined}
      isTVSelectable={true}
      nativeID={undefined}
      onLayout={undefined}
      onResponderGrant={[Function]}
      onResponderMove={[Function]}
      onResponderRelease={[Function]}
      onResponderTerminate={[Function]}
      onResponderTerminationRequest={[Function]}
      onStartShouldSetResponder={[Function]}
      style={
        Object {
          "opacity": 1,
          "paddingRight": 12,
          "width": 70,
        }
      }
      testID={undefined}
      tvParallaxProperties={undefined}
    >
      <Text
        accessible={true}
        allowFontScaling={true}
        ellipsizeMode="tail"
        style={
          Array [
            Object {
              "color": "#037aff",
              "fontSize": 16,
              "fontWeight": "normal",
            },
            Object {
              "fontWeight": "bold",
              "textAlign": "right",
            },
          ]
        }
      >
        Test right title
      </Text>
    </View>
  </View>
</View>
`;
